// Jest Snapshot v1, https://goo.gl/fbAQLP

exports[`Grid should render the grid 1`] = `"<div id="focusRoot"><div class="grid"><div class="grid-inner-wrap" style="transform: translateY(-0px);"><div class="group" id="grid-g0" data-data-offset="0"><div data-data-index="0" id="grid-g0-e0" tabindex="0"></div><div data-data-index="1" id="grid-g0-e1" tabindex="0"></div><div data-data-index="2" id="grid-g0-e2" tabindex="0"></div><div data-data-index="3" id="grid-g0-e3" tabindex="0"></div><div data-data-index="4" id="grid-g0-e4" tabindex="0"></div></div><div class="group" id="grid-g1" data-data-offset="0"><div data-data-index="5" id="grid-g1-e0" tabindex="0"></div><div data-data-index="6" id="grid-g1-e1" tabindex="0"></div><div data-data-index="7" id="grid-g1-e2" tabindex="0"></div><div data-data-index="8" id="grid-g1-e3" tabindex="0"></div><div data-data-index="9" id="grid-g1-e4" tabindex="0"></div></div><div class="group" id="grid-g2" data-data-offset="0"><div data-data-index="10" id="grid-g2-e0" tabindex="0"></div><div data-data-index="11" id="grid-g2-e1" tabindex="0"></div><div data-data-index="12" id="grid-g2-e2" tabindex="0"></div><div data-data-index="13" id="grid-g2-e3" tabindex="0"></div><div data-data-index="14" id="grid-g2-e4" tabindex="0"></div></div><div class="group" id="grid-g3" data-data-offset="0"><div data-data-index="15" id="grid-g3-e0" tabindex="0"></div><div data-data-index="16" id="grid-g3-e1" tabindex="0"></div><div data-data-index="17" id="grid-g3-e2" tabindex="0"></div><div data-data-index="18" id="grid-g3-e3" tabindex="0"></div><div data-data-index="19" id="grid-g3-e4" tabindex="0"></div></div><div class="group" id="grid-g4" data-data-offset="0"><div data-data-index="20" id="grid-g4-e0" tabindex="0"></div><div data-data-index="21" id="grid-g4-e1" tabindex="0"></div><div data-data-index="22" id="grid-g4-e2" tabindex="0"></div><div data-data-index="23" id="grid-g4-e3" tabindex="0"></div><div data-data-index="24" id="grid-g4-e4" tabindex="0"></div></div></div><div class="mouse-arrow next"></div></div></div>"`;
