// Jest Snapshot v1, https://goo.gl/fbAQLP

exports[`VirtualKeyboard should render the keyboard 1`] = `
<div>
  <div>
    <div
      class="keyboard"
    >
      <div
        class="row"
      >
        <div
          class="vk-a"
          id="keyboard-vk-a"
          label="a"
          tabindex="0"
        >
          a
        </div>
        <div
          class="vk-b"
          id="keyboard-vk-b"
          label="b"
          tabindex="0"
        >
          b
        </div>
        <div
          class="vk-c"
          id="keyboard-vk-c"
          label="c"
          tabindex="0"
        >
          c
        </div>
        <div
          class="vk-d"
          id="keyboard-vk-d"
          label="d"
          tabindex="0"
        >
          d
        </div>
        <div
          class="vk-e"
          id="keyboard-vk-e"
          label="e"
          tabindex="0"
        >
          e
        </div>
      </div>
      <div
        class="row"
      >
        <div
          class="vk-f"
          id="keyboard-vk-f"
          label="f"
          tabindex="0"
        >
          f
        </div>
        <div
          class="vk-g"
          id="keyboard-vk-g"
          label="g"
          tabindex="0"
        >
          g
        </div>
        <div
          class="vk-h"
          id="keyboard-vk-h"
          label="h"
          tabindex="0"
        >
          h
        </div>
        <div
          class="vk-i"
          id="keyboard-vk-i"
          label="i"
          tabindex="0"
        >
          i
        </div>
        <div
          class="vk-j"
          id="keyboard-vk-j"
          label="j"
          tabindex="0"
        >
          j
        </div>
      </div>
      <div
        class="row"
      >
        <div
          class="vk-k"
          id="keyboard-vk-k"
          label="k"
          tabindex="0"
        >
          k
        </div>
        <div
          class="vk-l"
          id="keyboard-vk-l"
          label="l"
          tabindex="0"
        >
          l
        </div>
        <div
          class="vk-m"
          id="keyboard-vk-m"
          label="m"
          tabindex="0"
        >
          m
        </div>
        <div
          class="vk-n"
          id="keyboard-vk-n"
          label="n"
          tabindex="0"
        >
          n
        </div>
        <div
          class="vk-o"
          id="keyboard-vk-o"
          label="o"
          tabindex="0"
        >
          o
        </div>
      </div>
      <div
        class="row"
      >
        <div
          class="vk-p"
          id="keyboard-vk-p"
          label="p"
          tabindex="0"
        >
          p
        </div>
        <div
          class="vk-q"
          id="keyboard-vk-q"
          label="q"
          tabindex="0"
        >
          q
        </div>
        <div
          class="vk-r"
          id="keyboard-vk-r"
          label="r"
          tabindex="0"
        >
          r
        </div>
        <div
          class="vk-s"
          id="keyboard-vk-s"
          label="s"
          tabindex="0"
        >
          s
        </div>
        <div
          class="vk-t"
          id="keyboard-vk-t"
          label="t"
          tabindex="0"
        >
          t
        </div>
      </div>
      <div
        class="row"
      >
        <div
          class="vk-u"
          id="keyboard-vk-u"
          label="u"
          tabindex="0"
        >
          u
        </div>
        <div
          class="vk-v"
          id="keyboard-vk-v"
          label="v"
          tabindex="0"
        >
          v
        </div>
        <div
          class="vk-w"
          id="keyboard-vk-w"
          label="w"
          tabindex="0"
        >
          w
        </div>
        <div
          class="vk-x"
          id="keyboard-vk-x"
          label="x"
          tabindex="0"
        >
          x
        </div>
        <div
          class="vk-y"
          id="keyboard-vk-y"
          label="y"
          tabindex="0"
        >
          y
        </div>
      </div>
      <div
        class="row"
      >
        <div
          class="vk-z"
          id="keyboard-vk-z"
          label="z"
          tabindex="0"
        >
          z
        </div>
        <div
          class="vk-space"
          id="keyboard-vk-space"
          label="space"
          tabindex="0"
        >
          space
        </div>
        <div
          class="vk-dot"
          id="keyboard-vk-dot"
          label="dot"
          tabindex="0"
        >
          dot
        </div>
        <div
          class="vk-backspace"
          id="keyboard-vk-backspace"
          label="DEL"
          tabindex="0"
        >
          DEL
        </div>
        <div
          class="vk-done"
          id="keyboard-vk-done"
          label="DONE"
          tabindex="0"
        >
          DONE
        </div>
      </div>
    </div>
  </div>
</div>
`;
