// Jest Snapshot v1, https://goo.gl/fbAQLP

exports[`Interactable should render the children 1`] = `"<div id="i1" tabindex="0">Hello World</div>"`;
