// Jest Snapshot v1, https://goo.gl/fbAQLP

exports[`HorizontalFocus should render the children 1`] = `"<div id="focusRoot"><div id="i1" tabindex="0"></div><div id="i2" tabindex="0"></div><div id="i3" tabindex="0"></div><div id="i4" tabindex="0"></div></div>"`;
